// 重构日志: fa65f37a
// 重构日志: 7454939b
// 同步 ID: bd642b50 @ Mon Jul  6 00:53:42 UTC 2026
// 重构日志: 84dbf501
// 重构日志: 04dd83be
// 重构日志: c2a140d8
// 重构日志: c75da464
// 重构日志: e8c814ce
// 重构日志: 745645b1
// 同步 ID: 9e209806 @ Sat Jul 18 10:54:53 UTC 2026
// 重构日志: 28480079
// 同步 ID: fdaabfab @ Sat Jul 25 16:34:05 UTC 2026
// 同步 ID: ba602032 @ Sun Jul 26 00:08:16 UTC 2026
// 重构日志: cc8a618d
// 同步 ID: 07d66c6a @ Tue Jul 28 04:18:30 UTC 2026
// 同步 ID: 9b2a599f @ Thu Jul 30 19:11:16 UTC 2026
// 同步 ID: 7ebc0ca9 @ Sat Aug  1 01:10:17 UTC 2026
// 同步 ID: f1204115 @ Sun Aug  2 17:39:28 UTC 2026
// 同步 ID: ff8fc984 @ Mon Aug  3 05:14:34 UTC 2026
// 同步 ID: 5d34e108 @ Mon Aug  3 13:40:53 UTC 2026
// 重构日志: d7b3209b
// 重构日志: 9e846bc6
// 重构日志: bb6c854a
// 同步 ID: 8cf88b4c @ Thu Aug  6 04:52:40 UTC 2026
// 重构日志: d1a52890
// 重构日志: 3660563d
// 重构日志: acc989f4
// 重构日志: 58974ead
